13:27:13 **** Incremental Build of configuration Debug for project 03_hw_lcd ****
make -j12 all 
arm-none-eabi-gcc "../Core/Src/main.c" -mcpu=cortex-m4 -std=gnu11 -g3 -DDEBUG -DUSE_HAL_DRIVER -DSTM32F401xE -c -I../Core/Inc -I../Drivers/STM32F4xx_HAL_Driver/Inc -I../Drivers/STM32F4xx_HAL_Driver/Inc/Legacy -I../Drivers/CMSIS/Device/ST/STM32F4xx/Include -I../Drivers/CMSIS/Include -O0 -ffunction-sections -fdata-sections -Wall -fstack-usage -fcyclomatic-complexity -MMD -MP -MF"Core/Src/main.d" -MT"Core/Src/main.o" --specs=nano.specs -mfpu=fpv4-sp-d16 -mfloat-abi=hard -mthumb -o "Core/Src/main.o"
arm-none-eabi-gcc -o "03_hw_lcd.elf" @"objects.list"   -mcpu=cortex-m4 -T"/home/luca/Documents/Sensor_Projects/Homework_Sensor_System/HW_03/03_hw_lcd/STM32F401RETX_FLASH.ld" --specs=nosys.specs -Wl,-Map="03_hw_lcd.map" -Wl,--gc-sections -static --specs=nano.specs -mfpu=fpv4-sp-d16 -mfloat-abi=hard -mthumb -Wl,--start-group -lc -lm -Wl,--end-group
Finished building target: 03_hw_lcd.elf
 
arm-none-eabi-size   03_hw_lcd.elf 
arm-none-eabi-objdump -h -S  03_hw_lcd.elf  > "03_hw_lcd.list"
   text	   data	    bss	    dec	    hex	filename
  10520	    108	   1716	  12344	   3038	03_hw_lcd.elf
Finished building: default.size.stdout
 
Finished building: 03_hw_lcd.list
 

13:27:13 Build Finished. 0 errors, 0 warnings. (took 845ms)

