18:13:10 **** Incremental Build of configuration Debug for project IR_RECEIVE ****
make -j12 all 
arm-none-eabi-size   IR_RECEIVE.elf 
   text	   data	    bss	    dec	    hex	filename
  13024	    100	   2052	  15176	   3b48	IR_RECEIVE.elf
Finished building: default.size.stdout
 
18:13:14 **** Incremental Build of configuration Debug for project IR_RECEIVE ****
make -j12 all 
arm-none-eabi-size   IR_RECEIVE.elf 
   text	   data	    bss	    dec	    hex	filename
  13024	    100	   2052	  15176	   3b48	IR_RECEIVE.elf
Finished building: default.size.stdout
 
18:16:17 **** Incremental Build of configuration Debug for project IR_RECEIVE ****
make -j12 all 
arm-none-eabi-size   IR_RECEIVE.elf 
   text	   data	    bss	    dec	    hex	filename
  13024	    100	   2052	  15176	   3b48	IR_RECEIVE.elf
Finished building: default.size.stdout
 
