../Core/Src/main.c:81:8:Transmit_IR_UART	16	static
../Core/Src/main.c:96:6:HAL_GPIO_EXTI_Callback	16	static
../Core/Src/main.c:102:6:HAL_TIM_PeriodElapsedCallback	16	static
../Core/Src/main.c:118:5:main	24	static
../Core/Src/main.c:271:6:SystemClock_Config	88	static
../Core/Src/main.c:318:13:MX_TIM2_Init	48	static
../Core/Src/main.c:367:13:MX_TIM10_Init	8	static
../Core/Src/main.c:398:13:MX_TIM11_Init	8	static
../Core/Src/main.c:429:13:MX_USART2_UART_Init	8	static
../Core/Src/main.c:462:13:MX_GPIO_Init	48	static
../Core/Src/main.c:522:6:Error_Handler	4	static,ignoring_inline_asm
