../Core/Src/main.c:73:8:Transmit_IR_UART	16	static
../Core/Src/main.c:98:6:HAL_GPIO_EXTI_Callback	32	static
../Core/Src/main.c:135:9:checkParity	16	static
../Core/Src/main.c:147:6:HAL_TIM_PeriodElapsedCallback	16	static
../Core/Src/main.c:226:5:main	16	static
../Core/Src/main.c:320:6:SystemClock_Config	88	static
../Core/Src/main.c:367:13:MX_TIM2_Init	48	static
../Core/Src/main.c:416:13:MX_TIM10_Init	8	static
../Core/Src/main.c:447:13:MX_TIM11_Init	8	static
../Core/Src/main.c:478:13:MX_USART2_UART_Init	8	static
../Core/Src/main.c:511:13:MX_GPIO_Init	48	static
../Core/Src/main.c:571:6:Error_Handler	4	static,ignoring_inline_asm
