23:41:00 **** Incremental Build of configuration Debug for project HW_05_3a ****
make -j12 all 
arm-none-eabi-gcc "../Core/Src/main.c" -mcpu=cortex-m4 -std=gnu11 -g3 -DDEBUG -DUSE_HAL_DRIVER -DSTM32F401xE -c -I../Core/Inc -I../Drivers/STM32F4xx_HAL_Driver/Inc -I../Drivers/STM32F4xx_HAL_Driver/Inc/Legacy -I../Drivers/CMSIS/Device/ST/STM32F4xx/Include -I../Drivers/CMSIS/Include -O0 -ffunction-sections -fdata-sections -Wall -fstack-usage -fcyclomatic-complexity -MMD -MP -MF"Core/Src/main.d" -MT"Core/Src/main.o" --specs=nano.specs -mfpu=fpv4-sp-d16 -mfloat-abi=hard -mthumb -o "Core/Src/main.o"
arm-none-eabi-gcc -o "HW_05_3a.elf" @"objects.list"   -mcpu=cortex-m4 -T"/home/luca/Documents/Sensor_Projects/Homework_Sensor_System/HW_05/HW_05_3a/STM32F401RETX_FLASH.ld" --specs=nosys.specs -Wl,-Map="HW_05_3a.map" -Wl,--gc-sections -static --specs=nano.specs -mfpu=fpv4-sp-d16 -mfloat-abi=hard -mthumb -u _printf_float -Wl,--start-group -lc -lm -Wl,--end-group
Finished building target: HW_05_3a.elf
 
arm-none-eabi-size   HW_05_3a.elf 
arm-none-eabi-objdump -h -S  HW_05_3a.elf  > "HW_05_3a.list"
   text	   data	    bss	    dec	    hex	filename
  31296	    476	   2324	  34096	   8530	HW_05_3a.elf
Finished building: default.size.stdout
 
Finished building: HW_05_3a.list
 

23:41:00 Build Finished. 0 errors, 0 warnings. (took 883ms)

