17:50:20 **** Build of configuration Debug for project HW09_1b ****
make -j12 all 
arm-none-eabi-size   HW09_1b.elf 
   text	   data	    bss	    dec	    hex	filename
  12996	    100	   2164	  15260	   3b9c	HW09_1b.elf
Finished building: default.size.stdout
 
17:50:23 **** Build of configuration Debug for project HW09_1a ****
make -j12 all 
arm-none-eabi-size   HW09_1a.elf 
   text	   data	    bss	    dec	    hex	filename
  11584	    100	   2092	  13776	   35d0	HW09_1a.elf
Finished building: default.size.stdout
 
