../Core/Src/main.c:86:6:HAL_TIM_PeriodElapsedCallback	24	static
../Core/Src/main.c:102:6:HAL_I2C_MasterRxCpltCallback	176	static
../Core/Src/main.c:118:5:main	16	static
../Core/Src/main.c:170:6:SystemClock_Config	88	static
../Core/Src/main.c:217:13:MX_I2C1_Init	8	static
../Core/Src/main.c:251:13:MX_TIM2_Init	48	static
../Core/Src/main.c:299:13:MX_USART2_UART_Init	8	static
../Core/Src/main.c:330:13:MX_DMA_Init	16	static
../Core/Src/main.c:351:13:MX_GPIO_Init	48	static
../Core/Src/main.c:391:6:Error_Handler	4	static,ignoring_inline_asm
