../Core/Src/main.c:73:6:HAL_TIM_PeriodElapsedCallback	16	static
../Core/Src/main.c:109:6:HAL_SPI_TxCpltCallback	16	static
../Core/Src/main.c:121:5:main	8	static
../Core/Src/main.c:173:6:SystemClock_Config	88	static
../Core/Src/main.c:220:13:MX_SPI1_Init	8	static
../Core/Src/main.c:258:13:MX_TIM2_Init	48	static
../Core/Src/main.c:306:13:MX_TIM10_Init	40	static
../Core/Src/main.c:351:13:MX_USART2_UART_Init	8	static
../Core/Src/main.c:382:13:MX_DMA_Init	16	static
../Core/Src/main.c:400:13:MX_GPIO_Init	48	static
../Core/Src/main.c:440:6:Error_Handler	4	static,ignoring_inline_asm
