../Core/Src/main.c:73:6:HAL_TIM_PeriodElapsedCallback	16	static
../Core/Src/main.c:108:6:HAL_SPI_TxCpltCallback	16	static
../Core/Src/main.c:119:5:main	8	static
../Core/Src/main.c:171:6:SystemClock_Config	88	static
../Core/Src/main.c:218:13:MX_SPI1_Init	8	static
../Core/Src/main.c:256:13:MX_TIM2_Init	48	static
../Core/Src/main.c:304:13:MX_TIM10_Init	40	static
../Core/Src/main.c:349:13:MX_USART2_UART_Init	8	static
../Core/Src/main.c:380:13:MX_DMA_Init	16	static
../Core/Src/main.c:398:13:MX_GPIO_Init	48	static
../Core/Src/main.c:442:6:Error_Handler	4	static,ignoring_inline_asm
