../Core/Src/main.c:85:6:play_note	16	static
../Core/Src/main.c:96:6:play_song	16	static
../Core/Src/main.c:106:6:HAL_GPIO_EXTI_Callback	16	static
../Core/Src/main.c:112:6:HAL_TIM_PeriodElapsedCallback	16	static
../Core/Src/main.c:125:5:main	200	static
../Core/Src/main.c:182:6:SystemClock_Config	88	static
../Core/Src/main.c:229:13:MX_TIM1_Init	80	static
../Core/Src/main.c:294:13:MX_TIM10_Init	8	static
../Core/Src/main.c:325:13:MX_USART2_UART_Init	8	static
../Core/Src/main.c:358:13:MX_GPIO_Init	48	static
../Core/Src/main.c:408:6:Error_Handler	4	static,ignoring_inline_asm
