19:18:48 **** Incremental Build of configuration Debug for project HW_04_2c ****
make -j12 all 
arm-none-eabi-gcc "../Core/Src/main.c" -mcpu=cortex-m4 -std=gnu11 -g3 -DDEBUG -DUSE_HAL_DRIVER -DSTM32F401xE -c -I../Core/Inc -I../Drivers/STM32F4xx_HAL_Driver/Inc -I../Drivers/STM32F4xx_HAL_Driver/Inc/Legacy -I../Drivers/CMSIS/Device/ST/STM32F4xx/Include -I../Drivers/CMSIS/Include -O0 -ffunction-sections -fdata-sections -Wall -fstack-usage -fcyclomatic-complexity -MMD -MP -MF"Core/Src/main.d" -MT"Core/Src/main.o" --specs=nano.specs -mfpu=fpv4-sp-d16 -mfloat-abi=hard -mthumb -o "Core/Src/main.o"
../Core/Src/main.c: In function 'HAL_ADC_ConvCpltCallback':
../Core/Src/main.c:70:9: warning: implicit declaration of function 'lcd_println' [-Wimplicit-function-declaration]
   70 |         lcd_println(buff,0);
      |         ^~~~~~~~~~~
../Core/Src/main.c:71:9: warning: implicit declaration of function 'lcd_drawBar' [-Wimplicit-function-declaration]
   71 |         lcd_drawBar(bar_val);
      |         ^~~~~~~~~~~
../Core/Src/main.c: In function 'main':
../Core/Src/main.c:112:3: warning: implicit declaration of function 'lcd_initialize' [-Wimplicit-function-declaration]
  112 |   lcd_initialize();
      |   ^~~~~~~~~~~~~~
../Core/Src/main.c:113:3: warning: implicit declaration of function 'lcd_clear' [-Wimplicit-function-declaration]
  113 |   lcd_clear();
      |   ^~~~~~~~~
arm-none-eabi-gcc -o "HW_04_2c.elf" @"objects.list"   -mcpu=cortex-m4 -T"/home/luca/Documents/Sensor_Projects/Homework_Sensor_System/HW_04/HW_04_2c/STM32F401RETX_FLASH.ld" --specs=nosys.specs -Wl,-Map="HW_04_2c.map" -Wl,--gc-sections -static --specs=nano.specs -mfpu=fpv4-sp-d16 -mfloat-abi=hard -mthumb -u _printf_float -Wl,--start-group -lc -lm -Wl,--end-group
Finished building target: HW_04_2c.elf
 
arm-none-eabi-size   HW_04_2c.elf 
arm-none-eabi-objdump -h -S  HW_04_2c.elf  > "HW_04_2c.list"
   text	   data	    bss	    dec	    hex	filename
  29832	    516	   2172	  32520	   7f08	HW_04_2c.elf
Finished building: default.size.stdout
 
Finished building: HW_04_2c.list
 

19:18:49 Build Finished. 0 errors, 4 warnings. (took 879ms)

