16:12:21 **** Build of configuration Debug for project 03_class_uart ****
make -j16 all 
arm-none-eabi-gcc -o "03_class_uart.elf" @"objects.list"   -mcpu=cortex-m4 -T"C:\Users\ignaI\OneDrive\Documenti\GitHub\Homework_Sensor_System\HW_03\03_class_uart\STM32F401RETX_FLASH.ld" --specs=nosys.specs -Wl,-Map="03_class_uart.map" -Wl,--gc-sections -static --specs=nano.specs -mfpu=fpv4-sp-d16 -mfloat-abi=hard -mthumb -Wl,--start-group -lc -lm -Wl,--end-group
Finished building target: 03_class_uart.elf
 
arm-none-eabi-size   03_class_uart.elf 
arm-none-eabi-objdump -h -S  03_class_uart.elf  > "03_class_uart.list"
   text	   data	    bss	    dec	    hex	filename
  14620	     36	   1804	  16460	   404c	03_class_uart.elf
Finished building: default.size.stdout
 
Finished building: 03_class_uart.list
 

16:12:22 Build Finished. 0 errors, 0 warnings. (took 736ms)

