19:47:20 **** Incremental Build of configuration Debug for project 5a ****
make -j16 all 
arm-none-eabi-gcc "../Core/Src/main.c" -mcpu=cortex-m4 -std=gnu11 -g3 -DDEBUG -DUSE_HAL_DRIVER -DSTM32F401xE -c -I../Core/Inc -I../Drivers/STM32F4xx_HAL_Driver/Inc -I../Drivers/STM32F4xx_HAL_Driver/Inc/Legacy -I../Drivers/CMSIS/Device/ST/STM32F4xx/Include -I../Drivers/CMSIS/Include -O0 -ffunction-sections -fdata-sections -Wall -fstack-usage -fcyclomatic-complexity -MMD -MP -MF"Core/Src/main.d" -MT"Core/Src/main.o" --specs=nano.specs -mfpu=fpv4-sp-d16 -mfloat-abi=hard -mthumb -o "Core/Src/main.o"
arm-none-eabi-gcc -o "5a.elf" @"objects.list"   -mcpu=cortex-m4 -T"C:\Users\ignaI\OneDrive\Documenti\GitHub\Homework_Sensor_System\HW_05\HW_05_3a\STM32F401RETX_FLASH.ld" --specs=nosys.specs -Wl,-Map="5a.map" -Wl,--gc-sections -static --specs=nano.specs -mfpu=fpv4-sp-d16 -mfloat-abi=hard -mthumb -u _printf_float -Wl,--start-group -lc -lm -Wl,--end-group
Finished building target: 5a.elf
 
arm-none-eabi-size   5a.elf 
arm-none-eabi-objdump -h -S  5a.elf  > "5a.list"
   text	   data	    bss	    dec	    hex	filename
  31240	    476	   2348	  34064	   8510	5a.elf
Finished building: default.size.stdout
 
Finished building: 5a.list
 

19:47:21 Build Finished. 0 errors, 0 warnings. (took 701ms)

