16:12:25 **** Build of configuration Debug for project 5a ****
make -j16 all 
arm-none-eabi-gcc -o "5a.elf" @"objects.list"   -mcpu=cortex-m4 -T"C:\Users\ignaI\OneDrive\Documenti\GitHub\Homework_Sensor_System\HW_05\HW_05_3a\STM32F401RETX_FLASH.ld" --specs=nosys.specs -Wl,-Map="5a.map" -Wl,--gc-sections -static --specs=nano.specs -mfpu=fpv4-sp-d16 -mfloat-abi=hard -mthumb -u _printf_float -Wl,--start-group -lc -lm -Wl,--end-group
Finished building target: 5a.elf
 
arm-none-eabi-size   5a.elf 
arm-none-eabi-objdump -h -S  5a.elf  > "5a.list"
   text	   data	    bss	    dec	    hex	filename
  31296	    476	   2324	  34096	   8530	5a.elf
Finished building: default.size.stdout
 
Finished building: 5a.list
 

16:12:26 Build Finished. 0 errors, 0 warnings. (took 878ms)

